## make
make exit=0
fixed point: stage1 == stage2 == stage3 (222117 lines of IR)
fixed point: runtime.py's IR, rt1 == rt2 == rt3 (10393 lines)
## runtime.py IR vs original compiler
runtime.py IR byte-identical
## check_runtime
275 RUNTIME entries, 69 exception classes: signatures, coverage and effects agree with runtime.c and runtime.py (96 functions, none of which reaches itself through a lowering or runtime.c), the classes with this Python
## rtabi
76 functions of runtime.py, 2459 uses in runtime.c and 577 programs, 22 runtime calls of the FFI's C glue, 0 mismatches
## tests
1886 passed, 0 failed
## irsame
irsame: 1265 same, 0 different
## probes (native compiler)
### probes: 61 same, 13 different
## ubsan (trap mode)
UBSAN-trap zstats aot: same as twin
UBSAN-trap jsondemo aot: same as twin
UBSAN-trap fin aot: same as twin
UBSAN-trap leak aot: same as twin
UBSAN-trap fastmath ext: same as its source run
UBSAN-trap reent ext (nested entries, releases): same as its source run
pk.out pk.want differ: char 69, line 7
